timeout: failed to run command 'env=local': No such file or directory
